This is XeTeX, Version 3.141592653-2.6-0.999998 (TeX Live 2026) (preloaded format=xelatex 2026.5.5)  9 JUN 2026 16:14
entering extended mode
 restricted \write18 enabled.
 %&-line parsing enabled.
**main.tex
(./main.tex
LaTeX2e <2025-11-01>
L3 programming layer <2026-03-20>
(./setup.tex (./vkr.cls
Document Class: vkr VKR class
(d:/texlive/2026/texmf-dist/tex/latex/fontspec/fontspec.sty
(d:/texlive/2026/texmf-dist/tex/latex/l3packages/xparse/xparse.sty
(d:/texlive/2026/texmf-dist/tex/latex/l3kernel/expl3.sty
Package: expl3 2026-03-20 L3 programming layer (loader) 

(d:/texlive/2026/texmf-dist/tex/latex/l3backend/l3backend-xetex.def
File: l3backend-xetex.def 2026-02-18 L3 backend support: XeTeX
\g__graphics_track_int=\count271
\g__pdfannot_backend_int=\count272
\g__pdfannot_backend_link_int=\count273
))
Package: xparse 2025-10-09 L3 Experimental document command parser
)
Package: fontspec 2025/09/29 v2.9g Font selection for XeLaTeX and LuaLaTeX

(d:/texlive/2026/texmf-dist/tex/latex/fontspec/fontspec-xetex.sty
Package: fontspec-xetex 2025/09/29 v2.9g Font selection for XeLaTeX and LuaLaTe
X
\l__fontspec_script_int=\count274
\l__fontspec_language_int=\count275
\l__fontspec_strnum_int=\count276
\l__fontspec_tmp_int=\count277
\l__fontspec_tmpa_int=\count278
\l__fontspec_tmpb_int=\count279
\l__fontspec_tmpc_int=\count280
\l__fontspec_em_int=\count281
\l__fontspec_emdef_int=\count282
\l__fontspec_strong_int=\count283
\l__fontspec_strongdef_int=\count284
\l__fontspec_tmpa_dim=\dimen150
\l__fontspec_tmpb_dim=\dimen151
\l__fontspec_tmpc_dim=\dimen152

(d:/texlive/2026/texmf-dist/tex/latex/base/fontenc.sty
Package: fontenc 2025/07/18 v2.1d Standard LaTeX package
)
(d:/texlive/2026/texmf-dist/tex/latex/fontspec/fontspec.cfg)))

Package fontspec Info: 
(fontspec)             Font family 'TimesNewRoman(0)' created for font 'Times
(fontspec)             New Roman' with options [Ligatures=TeX].
(fontspec)              
(fontspec)              This font family consists of the following NFSS
(fontspec)             series/shapes:
(fontspec)              
(fontspec)             - 'normal' (m/n) with NFSS spec.: <->"Times New
(fontspec)             Roman/OT:script=latn;language=dflt;mapping=tex-text;"
(fontspec)             - 'small caps'  (m/sc) with NFSS spec.: <->"Times New
(fontspec)             Roman/OT:script=latn;language=dflt;+smcp;mapping=tex-tex
t;"
(fontspec)             - 'bold' (b/n) with NFSS spec.: <->"Times New
(fontspec)             Roman/B/OT:script=latn;language=dflt;mapping=tex-text;"
(fontspec)             - 'bold small caps'  (b/sc) with NFSS spec.: <->"Times
(fontspec)             New
(fontspec)             Roman/B/OT:script=latn;language=dflt;+smcp;mapping=tex-t
ext;"
(fontspec)             - 'italic' (m/it) with NFSS spec.: <->"Times New
(fontspec)             Roman/I/OT:script=latn;language=dflt;mapping=tex-text;"
(fontspec)             - 'italic small caps'  (m/scit) with NFSS spec.:
(fontspec)             <->"Times New
(fontspec)             Roman/I/OT:script=latn;language=dflt;+smcp;mapping=tex-t
ext;"
(fontspec)             - 'bold italic' (b/it) with NFSS spec.: <->"Times New
(fontspec)             Roman/BI/OT:script=latn;language=dflt;mapping=tex-text;"

(fontspec)             - 'bold italic small caps'  (b/scit) with NFSS spec.:
(fontspec)             <->"Times New
(fontspec)             Roman/BI/OT:script=latn;language=dflt;+smcp;mapping=tex-
text;"

\pagetop=\skip49
\pagebottom=\skip50
\pageleft=\skip51
\pageright=\skip52
\pwidth=\skip53
\pheight=\skip54
\saved@arstrutbox=\box53
\c@section=\count285
\c@subsection=\count286
\c@subsubsection=\count287
\c@paragraph=\count288
\c@figure=\count289
\c@figurecnt=\count290
\abovecaptionskip=\skip55
\belowcaptionskip=\skip56
\c@table=\count291
\c@tablecnt=\count292
\c@lastpage=\count293
\c@числоПлакатов=\count294
\c@bibcount=\count295
)
(d:/texlive/2026/texmf-dist/tex/generic/babel/babel.sty
Package: babel 2026/05/03 v26.7 The multilingual framework for LuaLaTeX, pdfLaT
eX and XeLaTeX
\babel@savecnt=\count296
LaTeX Encoding Info:    Redeclaring text command \ij (encoding OT1) on input li
ne 2080.
LaTeX Encoding Info:    Redeclaring text command \IJ (encoding OT1) on input li
ne 2082.
LaTeX Encoding Info:    Redeclaring text command \ij (encoding T1) on input lin
e 2084.
LaTeX Encoding Info:    Redeclaring text command \IJ (encoding T1) on input lin
e 2085.
LaTeX Encoding Info:    Ignoring declaration for text command \ij (encoding ?) 
on input line 2086.
LaTeX Encoding Info:    Ignoring declaration for text command \IJ (encoding ?) 
on input line 2088.
LaTeX Encoding Info:    Ignoring declaration for text command \SS (encoding ?) 
on input line 2113.
\U@D=\dimen153
\l@unhyphenated=\language91

(d:/texlive/2026/texmf-dist/tex/generic/babel/xebabel.def)
\bbl@readstream=\read2
\bbl@dirlevel=\count297

(d:/texlive/2026/texmf-dist/tex/generic/babel/locale/en/babel-english.tex)
(d:/texlive/2026/texmf-dist/tex/generic/babel/locale/ru/babel-russian.tex)
Package babel Info: Importing font and identification data for english
(babel)             from babel-en.ini. Reported on input line 4348.

(d:/texlive/2026/texmf-dist/tex/generic/babel-english/english.ldf
Language: english 2017/06/06 v3.3r English support from the babel system
Package babel Info: Hyphen rules for 'canadian' set to \l@english
(babel)             (\language0). Reported on input line 102.
Package babel Info: Hyphen rules for 'australian' set to \l@ukenglish
(babel)             (\language22). Reported on input line 105.
Package babel Info: Hyphen rules for 'newzealand' set to \l@ukenglish
(babel)             (\language22). Reported on input line 108.
)
Package babel Info: Importing font and identification data for russian
(babel)             from babel-ru.ini. Reported on input line 4348.

(d:/texlive/2026/texmf-dist/tex/generic/babel-russian/russianb.ldf
File: russianb.ldf 2021/01/10 1.3m Russian support for the Babel system
Language: russian 2020/09/09 1.3k Russian support for the Babel system
Package babel Info: Making " an active character on input line 124.
Package babel Info: Default for \cyrdash is provided on input line 163.
)
(d:/texlive/2026/texmf-dist/tex/generic/babel/cyrl2uni.def
File: cyrl2uni.def 2026/05/03 v0.3 Map to Unicode from Cyrillic LICR
))
(d:/texlive/2026/texmf-dist/tex/latex/graphics/graphicx.sty
Package: graphicx 2024/12/31 v1.2e Enhanced LaTeX Graphics (DPC,SPQR)

(d:/texlive/2026/texmf-dist/tex/latex/graphics/keyval.sty
Package: keyval 2022/05/29 v1.15 key=value parser (DPC)
\KV@toks@=\toks17
)
(d:/texlive/2026/texmf-dist/tex/latex/graphics/graphics.sty
Package: graphics 2024/08/06 v1.4g Standard LaTeX Graphics (DPC,SPQR)

(d:/texlive/2026/texmf-dist/tex/latex/graphics/trig.sty
Package: trig 2023/12/02 v1.11 sin cos tan (DPC)
)
(d:/texlive/2026/texmf-dist/tex/latex/graphics-cfg/graphics.cfg
File: graphics.cfg 2016/06/04 v1.11 sample graphics configuration
)
Package graphics Info: Driver file: xetex.def on input line 106.

(d:/texlive/2026/texmf-dist/tex/latex/graphics-def/xetex.def
File: xetex.def 2025/11/01 v5.0p Graphics/color driver for xetex
))
\Gin@req@height=\dimen154
\Gin@req@width=\dimen155
)
(d:/texlive/2026/texmf-dist/tex/latex/hyperref/hyperref.sty
Package: hyperref 2026-04-24 v7.01q Hypertext links for LaTeX

(d:/texlive/2026/texmf-dist/tex/generic/iftex/iftex.sty
Package: iftex 2024/12/12 v1.0g TeX engine tests
)
(d:/texlive/2026/texmf-dist/tex/latex/kvsetkeys/kvsetkeys.sty
Package: kvsetkeys 2022-10-05 v1.19 Key value parser (HO)
)
(d:/texlive/2026/texmf-dist/tex/generic/kvdefinekeys/kvdefinekeys.sty
Package: kvdefinekeys 2019-12-19 v1.6 Define keys (HO)
)
(d:/texlive/2026/texmf-dist/tex/generic/pdfescape/pdfescape.sty
Package: pdfescape 2019/12/09 v1.15 Implements pdfTeX's escape features (HO)

(d:/texlive/2026/texmf-dist/tex/generic/ltxcmds/ltxcmds.sty
Package: ltxcmds 2023-12-04 v1.26 LaTeX kernel commands for general use (HO)
)
(d:/texlive/2026/texmf-dist/tex/generic/pdftexcmds/pdftexcmds.sty
Package: pdftexcmds 2020-06-27 v0.33 Utility functions of pdfTeX for LuaTeX (HO
)

(d:/texlive/2026/texmf-dist/tex/generic/infwarerr/infwarerr.sty
Package: infwarerr 2019/12/03 v1.5 Providing info/warning/error messages (HO)
)
Package pdftexcmds Info: \pdf@primitive is available.
Package pdftexcmds Info: \pdf@ifprimitive is available.
Package pdftexcmds Info: \pdfdraftmode not found.
))
(d:/texlive/2026/texmf-dist/tex/latex/hycolor/hycolor.sty
Package: hycolor 2020-01-27 v1.10 Color options for hyperref/bookmark (HO)
)
(d:/texlive/2026/texmf-dist/tex/latex/hyperref/nameref.sty
Package: nameref 2026-01-29 v2.58 Cross-referencing by name of section

(d:/texlive/2026/texmf-dist/tex/latex/refcount/refcount.sty
Package: refcount 2019/12/15 v3.6 Data extraction from label references (HO)
)
(d:/texlive/2026/texmf-dist/tex/generic/gettitlestring/gettitlestring.sty
Package: gettitlestring 2019/12/15 v1.6 Cleanup title references (HO)

(d:/texlive/2026/texmf-dist/tex/latex/kvoptions/kvoptions.sty
Package: kvoptions 2022-06-15 v3.15 Key value format for package options (HO)
))
\c@section@level=\count298
)
(d:/texlive/2026/texmf-dist/tex/latex/etoolbox/etoolbox.sty
Package: etoolbox 2025/10/02 v2.5m e-TeX tools for LaTeX (JAW)
\etb@tempcnta=\count299
)
(d:/texlive/2026/texmf-dist/tex/generic/stringenc/stringenc.sty
Package: stringenc 2019/11/29 v1.12 Convert strings between diff. encodings (HO
)
)
\@linkdim=\dimen156
\Hy@linkcounter=\count300
\Hy@pagecounter=\count301

(d:/texlive/2026/texmf-dist/tex/latex/hyperref/pd1enc.def
File: pd1enc.def 2026-04-24 v7.01q Hyperref: PDFDocEncoding definition (HO)
)
(d:/texlive/2026/texmf-dist/tex/generic/intcalc/intcalc.sty
Package: intcalc 2019/12/15 v1.3 Expandable calculations with integers (HO)
)
\Hy@SavedSpaceFactor=\count302

(d:/texlive/2026/texmf-dist/tex/latex/hyperref/puenc.def
File: puenc.def 2026-04-24 v7.01q Hyperref: PDF Unicode definition (HO)
)
Package hyperref Info: Option `unicode' set `true' on input line 3164.
Package hyperref Info: Hyper figures OFF on input line 4199.
Package hyperref Info: Link nesting OFF on input line 4204.
Package hyperref Info: Hyper index ON on input line 4207.
Package hyperref Info: Plain pages OFF on input line 4214.
Package hyperref Info: Backreferencing OFF on input line 4219.
Package hyperref Info: Implicit mode ON; LaTeX internals redefined.
Package hyperref Info: Bookmarks ON on input line 4466.
\c@Hy@tempcnt=\count303

(d:/texlive/2026/texmf-dist/tex/latex/url/url.sty
\Urlmuskip=\muskip17
Package: url 2013/09/16  ver 3.4  Verb mode for urls, etc.
)
LaTeX Info: Redefining \url on input line 4805.
\XeTeXLinkMargin=\dimen157

(d:/texlive/2026/texmf-dist/tex/generic/bitset/bitset.sty
Package: bitset 2019/12/09 v1.3 Handle bit-vector datatype (HO)

(d:/texlive/2026/texmf-dist/tex/generic/bigintcalc/bigintcalc.sty
Package: bigintcalc 2019/12/15 v1.5 Expandable calculations on big integers (HO
)
))
\Fld@menulength=\count304
\Field@Width=\dimen158
\Fld@charsize=\dimen159
Package hyperref Info: Hyper figures OFF on input line 6091.
Package hyperref Info: Link nesting OFF on input line 6096.
Package hyperref Info: Hyper index ON on input line 6099.
Package hyperref Info: backreferencing OFF on input line 6106.
Package hyperref Info: Link coloring OFF on input line 6111.
Package hyperref Info: Link coloring with OCG OFF on input line 6116.
Package hyperref Info: PDF/A mode OFF on input line 6121.
\Hy@abspage=\count305
\c@Item=\count306
\c@Hfootnote=\count307
)
Package hyperref Info: Driver (autodetected): hxetex.

(d:/texlive/2026/texmf-dist/tex/latex/hyperref/hxetex.def
File: hxetex.def 2026-04-24 v7.01q Hyperref driver for XeTeX
\pdfm@box=\box54
\c@Hy@AnnotLevel=\count308
\HyField@AnnotCount=\count309
\Fld@listcount=\count310
\c@bookmark@seq@number=\count311

(d:/texlive/2026/texmf-dist/tex/latex/rerunfilecheck/rerunfilecheck.sty
Package: rerunfilecheck 2025-06-21 v1.11 Rerun checks for auxiliary files (HO)

(d:/texlive/2026/texmf-dist/tex/generic/uniquecounter/uniquecounter.sty
Package: uniquecounter 2019/12/15 v1.4 Provide unlimited unique counter (HO)
)
Package uniquecounter Info: New unique counter `rerunfilecheck' on input line 2
84.
)
\Hy@SectionHShift=\skip57
)
(d:/texlive/2026/texmf-dist/tex/latex/float/float.sty
Package: float 2001/11/08 v1.3d Float enhancements (AL)
\c@float@type=\count312
\float@exts=\toks18
\float@box=\box55
\@float@everytoks=\toks19
\@floatcapt=\box56
)
(d:/texlive/2026/texmf-dist/tex/latex/pdflscape/pdflscape.sty
Package: pdflscape 2025-06-23 v0.14 Display of landscape pages in PDF

(d:/texlive/2026/texmf-dist/tex/latex/pdflscape/pdflscape-nometadata.sty
Package: pdflscape-nometadata 2025-06-23 v0.14 Display of landscape pages in PD
F (HO)

(d:/texlive/2026/texmf-dist/tex/latex/graphics/lscape.sty
Package: lscape 2020/05/28 v3.02 Landscape Pages (DPC)
)
Package pdflscape Info: Auto-detected driver: dvipdfm (xetex) on input line 98.

))
(d:/texlive/2026/texmf-dist/tex/latex/xltabular/xltabular.sty
Package: xltabular 2025/02/28 v0.2i `xltabular' package (hv,RN)

(d:/texlive/2026/texmf-dist/tex/latex/tools/tabularx.sty
Package: tabularx 2023/12/11 v2.12a `tabularx' package (DPC)

(d:/texlive/2026/texmf-dist/tex/latex/tools/array.sty
Package: array 2025/09/25 v2.6n Tabular extension package (FMi)
\col@sep=\dimen160
\ar@mcellbox=\box57
\extrarowheight=\dimen161
\NC@list=\toks20
\extratabsurround=\skip58
\backup@length=\skip59
\ar@cellbox=\box58
)
\TX@col@width=\dimen162
\TX@old@table=\dimen163
\TX@old@col=\dimen164
\TX@target=\dimen165
\TX@delta=\dimen166
\TX@cols=\count313
\TX@ftn=\toks21
)
(d:/texlive/2026/texmf-dist/tex/latex/ltablex/ltablex.sty
Package: ltablex 2014/08/13 v1.1 Modified tabularx

(d:/texlive/2026/texmf-dist/tex/latex/tools/longtable.sty
Package: longtable 2025-10-13 v4.24 Multi-page Table package (DPC)
\LTleft=\skip60
\LTright=\skip61
\LTpre=\skip62
\LTpost=\skip63
\LTchunksize=\count314
\LTcapwidth=\dimen167
\LT@head=\box59
\LT@firsthead=\box60
\LT@foot=\box61
\LT@lastfoot=\box62
\LT@gbox=\box63
\LT@cols=\count315
\LT@rows=\count316
\c@LT@tables=\count317
\c@LT@chunks=\count318
\LT@p@ftn=\toks22
)))
(d:/texlive/2026/texmf-dist/tex/latex/makecell/makecell.sty
Package: makecell 2009/08/03 V0.1e Managing of Tab Column Heads and Cells
\rotheadsize=\dimen168
\c@nlinenum=\count319
\TeXr@lab=\toks23
)

Package array Warning: Redefining primitive column r on input line 16.

(d:/texlive/2026/texmf-dist/tex/latex/caption/caption.sty
Package: caption 2023/08/05 v3.6o Customizing captions (AR)

(d:/texlive/2026/texmf-dist/tex/latex/caption/caption3.sty
Package: caption3 2023/07/31 v2.4d caption3 kernel (AR)
\caption@tempdima=\dimen169
\captionmargin=\dimen170
\caption@leftmargin=\dimen171
\caption@rightmargin=\dimen172
\caption@width=\dimen173
\caption@indent=\dimen174
\caption@parindent=\dimen175
\caption@hangindent=\dimen176
Package caption Info: Unknown document class (or package),
(caption)             standard defaults will be used.
Package caption Info: \@makecaption = \long macro:#1#2->\vskip \abovecaptionski
p \sbox \@tempboxa {#1 -- #2}\ifdim \wd \@tempboxa >\hsize #1 -- #2\par \else \
global \@minipagefalse \if \instring {Таб}{#1} \hb@xt@ \hsize {\box \@tempboxa 
\hfil }\else \hb@xt@ \hsize {\hfil \box \@tempboxa \hfil }\fi \fi \vskip \below
captionskip  on input line 1175.
)

Package caption Warning: Unknown document class (or package),
(caption)                standard defaults will be used.
See the caption package documentation for explanation.

\c@caption@flags=\count320
\c@continuedfloat=\count321
Package caption Info: float package is loaded.
Package caption Info: hyperref package is loaded.
Package caption Info: longtable package is loaded.
(d:/texlive/2026/texmf-dist/tex/latex/caption/ltcaption.sty
Package: ltcaption 2021/01/08 v1.4c longtable captions (AR)
))
(d:/texlive/2026/texmf-dist/tex/latex/enumitem/enumitem.sty
Package: enumitem 2025/02/06 v3.11 Customized lists
\labelindent=\skip64
\enit@outerparindent=\dimen177
\enit@toks=\toks24
\enit@inbox=\box64
\enit@count@id=\count322
\enitdp@description=\count323
)
(d:/texlive/2026/texmf-dist/tex/latex/graphics/color.sty
Package: color 2025/01/14 v1.3e Standard LaTeX Color (DPC)

(d:/texlive/2026/texmf-dist/tex/latex/graphics-cfg/color.cfg
File: color.cfg 2016/01/02 v1.6 sample color configuration
)
Package color Info: Driver file: xetex.def on input line 149.

(d:/texlive/2026/texmf-dist/tex/latex/graphics/mathcolor.ltx))
(d:/texlive/2026/texmf-dist/tex/latex/listings/listings.sty
\lst@mode=\count324
\lst@gtempboxa=\box65
\lst@token=\toks25
\lst@length=\count325
\lst@currlwidth=\dimen178
\lst@column=\count326
\lst@pos=\count327
\lst@lostspace=\dimen179
\lst@width=\dimen180
\lst@newlines=\count328
\lst@lineno=\count329
\lst@maxwidth=\dimen181

(d:/texlive/2026/texmf-dist/tex/latex/listings/lstpatch.sty
File: lstpatch.sty 2025/11/14 1.11b (Carsten Heinz)
)
(d:/texlive/2026/texmf-dist/tex/latex/listings/lstmisc.sty
File: lstmisc.sty 2025/11/14 1.11b (Carsten Heinz)
\c@lstnumber=\count330
\lst@skipnumbers=\count331
\lst@framebox=\box66
)
(d:/texlive/2026/texmf-dist/tex/latex/listings/listings.cfg
File: listings.cfg 2025/11/14 1.11b listings configuration
))
Package: listings 2025/11/14 1.11b (Carsten Heinz)

==> First Aid for listings.sty no longer applied!
    Expected:
        2024/09/23 1.10c (Carsten Heinz)
    but found:
        2025/11/14 1.11b (Carsten Heinz)
    so I'm assuming it got fixed.

Package fontspec Info: 
(fontspec)             Verdana scale = 0.7.


Package fontspec Info: 
(fontspec)             Verdana scale = 0.7.


Package fontspec Info: 
(fontspec)             Verdana scale = 0.7.


Package fontspec Info: 
(fontspec)             Verdana/B scale = 0.7.


Package fontspec Info: 
(fontspec)             Verdana/B scale = 0.7.


Package fontspec Info: 
(fontspec)             Verdana/I scale = 0.7.


Package fontspec Info: 
(fontspec)             Verdana/I scale = 0.7.


Package fontspec Info: 
(fontspec)             Verdana/BI scale = 0.7.


Package fontspec Info: 
(fontspec)             Verdana/BI scale = 0.7.


Package fontspec Info: 
(fontspec)             Font family 'Verdana(0)' created for font 'Verdana'
(fontspec)             with options
(fontspec)             [WordSpace={1,0,0},HyphenChar=None,PunctuationSpace=Word
Space,Scale=0.7].
(fontspec)              
(fontspec)              This font family consists of the following NFSS
(fontspec)             series/shapes:
(fontspec)              
(fontspec)             - 'normal' (m/n) with NFSS spec.:
(fontspec)             <->s*[0.7]"Verdana/OT:script=latn;language=dflt;"
(fontspec)             - 'small caps'  (m/sc) with NFSS spec.:
(fontspec)             <->s*[0.7]"Verdana/OT:script=latn;language=dflt;+smcp;"
(fontspec)             and font adjustment code:
(fontspec)             \fontdimen 2\font =1\fontdimen 2\font \fontdimen 3\font
(fontspec)             =0\fontdimen 3\font \fontdimen 4\font =0\fontdimen
(fontspec)             4\font \fontdimen 7\font =0\fontdimen 2\font
(fontspec)             \tex_hyphenchar:D \font =-1\scan_stop: 
(fontspec)             - 'bold' (b/n) with NFSS spec.:
(fontspec)             <->s*[0.7]"Verdana/B/OT:script=latn;language=dflt;"
(fontspec)             - 'bold small caps'  (b/sc) with NFSS spec.:
(fontspec)             <->s*[0.7]"Verdana/B/OT:script=latn;language=dflt;+smcp;
"
(fontspec)             and font adjustment code:
(fontspec)             \fontdimen 2\font =1\fontdimen 2\font \fontdimen 3\font
(fontspec)             =0\fontdimen 3\font \fontdimen 4\font =0\fontdimen
(fontspec)             4\font \fontdimen 7\font =0\fontdimen 2\font
(fontspec)             \tex_hyphenchar:D \font =-1\scan_stop: 
(fontspec)             - 'italic' (m/it) with NFSS spec.:
(fontspec)             <->s*[0.7]"Verdana/I/OT:script=latn;language=dflt;"
(fontspec)             - 'italic small caps'  (m/scit) with NFSS spec.:
(fontspec)             <->s*[0.7]"Verdana/I/OT:script=latn;language=dflt;+smcp;
"
(fontspec)             and font adjustment code:
(fontspec)             \fontdimen 2\font =1\fontdimen 2\font \fontdimen 3\font
(fontspec)             =0\fontdimen 3\font \fontdimen 4\font =0\fontdimen
(fontspec)             4\font \fontdimen 7\font =0\fontdimen 2\font
(fontspec)             \tex_hyphenchar:D \font =-1\scan_stop: 
(fontspec)             - 'bold italic' (b/it) with NFSS spec.:
(fontspec)             <->s*[0.7]"Verdana/BI/OT:script=latn;language=dflt;"
(fontspec)             - 'bold italic small caps'  (b/scit) with NFSS spec.:
(fontspec)             <->s*[0.7]"Verdana/BI/OT:script=latn;language=dflt;+smcp
;"
(fontspec)             and font adjustment code:
(fontspec)             \fontdimen 2\font =1\fontdimen 2\font \fontdimen 3\font
(fontspec)             =0\fontdimen 3\font \fontdimen 4\font =0\fontdimen
(fontspec)             4\font \fontdimen 7\font =0\fontdimen 2\font
(fontspec)             \tex_hyphenchar:D \font =-1\scan_stop: 

(d:/texlive/2026/texmf-dist/tex/latex/listings/lstlang1.sty
File: lstlang1.sty 2025/11/14 1.11b listings language file
)
(d:/texlive/2026/texmf-dist/tex/latex/listings/lstmisc.sty
File: lstmisc.sty 2025/11/14 1.11b (Carsten Heinz)
)) (./main.aux
Package babel Info: 'russian' activates 'russian' shorthands.
(babel)             Reported on input line 8.
)
\openout1 = `main.aux'.

LaTeX Font Info:    Checking defaults for OML/cmm/m/it on input line 31.
LaTeX Font Info:    ... okay on input line 31.
LaTeX Font Info:    Checking defaults for OMS/cmsy/m/n on input line 31.
LaTeX Font Info:    ... okay on input line 31.
LaTeX Font Info:    Checking defaults for OT1/cmr/m/n on input line 31.
LaTeX Font Info:    ... okay on input line 31.
LaTeX Font Info:    Checking defaults for T1/cmr/m/n on input line 31.
LaTeX Font Info:    ... okay on input line 31.
LaTeX Font Info:    Checking defaults for TS1/cmr/m/n on input line 31.
LaTeX Font Info:    ... okay on input line 31.
LaTeX Font Info:    Checking defaults for TU/lmr/m/n on input line 31.
LaTeX Font Info:    ... okay on input line 31.
LaTeX Font Info:    Checking defaults for OMX/cmex/m/n on input line 31.
LaTeX Font Info:    ... okay on input line 31.
LaTeX Font Info:    Checking defaults for U/cmr/m/n on input line 31.
LaTeX Font Info:    ... okay on input line 31.
LaTeX Font Info:    Checking defaults for PD1/pdf/m/n on input line 31.
LaTeX Font Info:    ... okay on input line 31.
LaTeX Font Info:    Checking defaults for PU/pdf/m/n on input line 31.
LaTeX Font Info:    ... okay on input line 31.

Package fontspec Info: 
(fontspec)             Adjusting the maths setup (use [no-math] to avoid
(fontspec)             this).

\symlegacymaths=\mathgroup4
LaTeX Font Info:    Overwriting symbol font `legacymaths' in version `bold'
(Font)                  OT1/cmr/m/n --> OT1/cmr/bx/n on input line 31.
LaTeX Font Info:    Redeclaring math accent \acute on input line 31.
LaTeX Font Info:    Redeclaring math accent \grave on input line 31.
LaTeX Font Info:    Redeclaring math accent \ddot on input line 31.
LaTeX Font Info:    Redeclaring math accent \tilde on input line 31.
LaTeX Font Info:    Redeclaring math accent \bar on input line 31.
LaTeX Font Info:    Redeclaring math accent \breve on input line 31.
LaTeX Font Info:    Redeclaring math accent \check on input line 31.
LaTeX Font Info:    Redeclaring math accent \hat on input line 31.
LaTeX Font Info:    Redeclaring math accent \dot on input line 31.
LaTeX Font Info:    Redeclaring math accent \mathring on input line 31.
LaTeX Font Info:    Redeclaring math symbol \colon on input line 31.
LaTeX Font Info:    Redeclaring math symbol \Gamma on input line 31.
LaTeX Font Info:    Redeclaring math symbol \Delta on input line 31.
LaTeX Font Info:    Redeclaring math symbol \Theta on input line 31.
LaTeX Font Info:    Redeclaring math symbol \Lambda on input line 31.
LaTeX Font Info:    Redeclaring math symbol \Xi on input line 31.
LaTeX Font Info:    Redeclaring math symbol \Pi on input line 31.
LaTeX Font Info:    Redeclaring math symbol \Sigma on input line 31.
LaTeX Font Info:    Redeclaring math symbol \Upsilon on input line 31.
LaTeX Font Info:    Redeclaring math symbol \Phi on input line 31.
LaTeX Font Info:    Redeclaring math symbol \Psi on input line 31.
LaTeX Font Info:    Redeclaring math symbol \Omega on input line 31.
LaTeX Font Info:    Redeclaring math symbol \mathdollar on input line 31.
LaTeX Font Info:    Redeclaring symbol font `operators' on input line 31.
LaTeX Font Info:    Encoding `OT1' has changed to `TU' for symbol font
(Font)              `operators' in the math version `normal' on input line 31.
LaTeX Font Info:    Overwriting symbol font `operators' in version `normal'
(Font)                  OT1/cmr/m/n --> TU/TimesNewRoman(0)/m/n on input line 3
1.
LaTeX Font Info:    Encoding `OT1' has changed to `TU' for symbol font
(Font)              `operators' in the math version `bold' on input line 31.
LaTeX Font Info:    Overwriting symbol font `operators' in version `bold'
(Font)                  OT1/cmr/bx/n --> TU/TimesNewRoman(0)/m/n on input line 
31.
LaTeX Font Info:    Overwriting symbol font `operators' in version `normal'
(Font)                  TU/TimesNewRoman(0)/m/n --> TU/TimesNewRoman(0)/m/n on 
input line 31.
LaTeX Font Info:    Overwriting math alphabet `\mathit' in version `normal'
(Font)                  OT1/cmr/m/it --> TU/TimesNewRoman(0)/m/it on input line
 31.
LaTeX Font Info:    Overwriting math alphabet `\mathbf' in version `normal'
(Font)                  OT1/cmr/bx/n --> TU/TimesNewRoman(0)/b/n on input line 
31.
LaTeX Font Info:    Overwriting math alphabet `\mathsf' in version `normal'
(Font)                  OT1/cmss/m/n --> TU/lmss/m/n on input line 31.
LaTeX Font Info:    Overwriting math alphabet `\mathtt' in version `normal'
(Font)                  OT1/cmtt/m/n --> TU/Verdana(0)/m/n on input line 31.
LaTeX Font Info:    Overwriting symbol font `operators' in version `bold'
(Font)                  TU/TimesNewRoman(0)/m/n --> TU/TimesNewRoman(0)/b/n on 
input line 31.
LaTeX Font Info:    Overwriting math alphabet `\mathit' in version `bold'
(Font)                  OT1/cmr/bx/it --> TU/TimesNewRoman(0)/b/it on input lin
e 31.
LaTeX Font Info:    Overwriting math alphabet `\mathsf' in version `bold'
(Font)                  OT1/cmss/bx/n --> TU/lmss/b/n on input line 31.
LaTeX Font Info:    Overwriting math alphabet `\mathtt' in version `bold'
(Font)                  OT1/cmtt/m/n --> TU/Verdana(0)/b/n on input line 31.
LaTeX Info: Redefining \th on input line 31.
Package hyperref Info: Link coloring OFF on input line 31.

(./main.out) (./main.out)
\@outlinefile=\write3
\openout3 = `main.out'.

Package caption Info: Begin \AtBeginDocument code.
Package caption Info: listings package is loaded.
Package caption Info: End \AtBeginDocument code.
\c@lstlisting=\count332
LaTeX Font Info:    External font `cmex10' loaded for size
(Font)              <14.4> on input line 33.
LaTeX Font Info:    External font `cmex10' loaded for size
(Font)              <7> on input line 33.

Overfull \hbox (4.70218pt too wide) in paragraph at lines 33--33
[] 
 []


Overfull \hbox (4.70218pt too wide) in paragraph at lines 33--33
[]
 []


Underfull \hbox (badness 10000) in paragraph at lines 33--33

 []

[1] (./ЛистЗадания.tex
Underfull \hbox (badness 10000) in paragraph at lines 55--56
[]\TU/TimesNewRoman(0)/m/n/14.4 Разработать концептуальную модель информационно
-
 []

[2] (./main.lop [3])
\tf@lop=\write4
\openout4 = `main.lop'.


Overfull \hbox (4.70218pt too wide) in paragraph at lines 96--107
[][]
 []


Underfull \hbox (badness 10000) in paragraph at lines 96--107

 []

) (./Реферат.tex [4]
\c=\count333
\last=\count334
\pnul=\count335
\c=\count336
\last=\count337
\pnul=\count338
\c=\count339
\last=\count340
\pnul=\count341

Underfull \hbox (badness 2189) in paragraph at lines 15--16
\TU/TimesNewRoman(0)/m/n/14.4 взаимодействие с базой данных. Клиентская часть п
редоставляет web-
 []


Underfull \hbox (badness 6141) in paragraph at lines 17--18
[]\TU/TimesNewRoman(0)/m/n/14.4 В системе реализован модуль автоматической пров
ерки DOCX-
 []

[5]
\c=\count342
\last=\count343
\pnul=\count344
\c=\count345
\last=\count346
\pnul=\count347
\c=\count348
\last=\count349
\pnul=\count350
) [6] (./main.toc [7] [8])
\tf@toc=\write5
\openout5 = `main.toc'.

 (./main.lpc)
\tf@lpc=\write6
\openout6 = `main.lpc'.

 (./Обозначения.tex
Underfull \hbox (badness 10000) in paragraph at lines 1--1

 []

[9] [10]) (./Резюме.tex [11]
Underfull \hbox (badness 4505) in paragraph at lines 6--7
[]\TU/TimesNewRoman(0)/m/n/14.4 Название: «Информационно-аналитическая система 
автоматизации
 []


Underfull \hbox (badness 1701) in paragraph at lines 6--7
\TU/TimesNewRoman(0)/m/n/14.4 проверки и оформления учебно-методических материа
лов редакционно-
 []


Underfull \hbox (badness 7203) in paragraph at lines 6--7
\TU/TimesNewRoman(0)/m/n/14.4 ления и обработки учебно-методических документов 
в редакционно-
 []


Underfull \hbox (badness 1953) in paragraph at lines 25--26
\TU/TimesNewRoman(0)/m/n/14.4 верки учебно-методических материалов, уменьшить к
оличество ошибок
 []


Underfull \hbox (badness 1199) in paragraph at lines 27--28
[]\TU/TimesNewRoman(0)/m/n/14.4 Актуальность проекта обусловлена необходимостью
 автоматизации
 []

[12]
Underfull \hbox (badness 2221) in paragraph at lines 44--45
[]\TU/TimesNewRoman(0)/m/n/14.4 Комплексная автоматизация процессов проверки и 
оформления
 []


Underfull \hbox (badness 2229) in paragraph at lines 50--51
[]\TU/TimesNewRoman(0)/m/n/14.4 Использование клиент-серверной архитектуры, обе
спечивающей
 []

[13]
Underfull \hbox (badness 10000) in paragraph at lines 67--68
[]\TU/TimesNewRoman(0)/m/n/14.4 Повышение эффективности взаимодействия сотрудни
ков
 []

) (./Введение.tex [14]
Underfull \hbox (badness 10000) in paragraph at lines 10--11
[]\TU/TimesNewRoman(0)/m/it/14.4 Цель настоящей работы \TU/TimesNewRoman(0)/m/n
/14.4 – спроектировать и реализовать
 []


Underfull \hbox (badness 10000) in paragraph at lines 10--11
\TU/TimesNewRoman(0)/m/n/14.4 информационно-аналитическую систему, которая авто
матизирует про-
 []

[15]
Underfull \hbox (badness 10000) in paragraph at lines 16--17
[]\TU/TimesNewRoman(0)/m/n/14.4 Спроектировать архитектуру будущей информационн
о-
 []


Underfull \hbox (badness 10000) in paragraph at lines 17--18
[]\TU/TimesNewRoman(0)/m/n/14.4 Реализовать серверную часть с использованием Fa
stAPI и
 []

\c=\count351
\last=\count352
\pnul=\count353

Underfull \hbox (badness 1052) in paragraph at lines 32--33
[]\TU/TimesNewRoman(0)/m/it/14.4 В третьем разделе \TU/TimesNewRoman(0)/m/n/14.
4 на стадии технического проектирования пред-
 []

[16]) (./Анализ.tex [17]
Underfull \hbox (badness 10000) in paragraph at lines 3--3
[]\TU/TimesNewRoman(0)/b/n/14.4 1.1 Характеристика деятельности редакционно-изд
ательского
 []

[18] [19]
Underfull \hbox (badness 10000) in paragraph at lines 52--52
[]\TU/TimesNewRoman(0)/b/n/14.4 1.4 Анализ существующих систем автоматизации
 []

[20]
Underfull \hbox (badness 10000) in paragraph at lines 80--81
[]\TU/TimesNewRoman(0)/m/n/14.4 Несмотря на удобство совместного редактирования
, сервис не
 []

[21]
Underfull \hbox (badness 1231) in paragraph at lines 99--100
\TU/TimesNewRoman(0)/m/n/14.4 ренных решений не сочетает в себе функции автомат
ической проверки
 []

[22]) (./ТехЗадание.tex [23]
Underfull \hbox (badness 10000) in paragraph at lines 9--10
[]\TU/TimesNewRoman(0)/m/n/14.4 Основной целью работы является разработка и вне
дрение
 []


Underfull \hbox (badness 10000) in paragraph at lines 9--10
\TU/TimesNewRoman(0)/m/n/14.4 информационно-аналитической системы для автоматиз
ации процессов
 []


Underfull \hbox (badness 3088) in paragraph at lines 9--10
\TU/TimesNewRoman(0)/m/n/14.4 проверки, хранения и сопровождения учебно-методич
еских и научных
 []

[24]
Underfull \hbox (badness 10000) in paragraph at lines 41--42
[]\TU/TimesNewRoman(0)/m/n/14.4 Интерфейс информационной системы представляет с
обой веб-
 []


Underfull \hbox (badness 1270) in paragraph at lines 41--42
\TU/TimesNewRoman(0)/m/n/14.4 должен быть адаптирован для работы в распространё
нных браузерах и
 []

[25]
File: images/authorization.png Graphic file (type bmp)
<images/authorization.png>
File: images/profile.png Graphic file (type bmp)
<images/profile.png>
 [26] [27]
File: images/filecheck.png Graphic file (type bmp)
<images/filecheck.png>
File: images/titlegen.png Graphic file (type bmp)
<images/titlegen.png>
 [28

]
File: images/statistic.png Graphic file (type bmp)
<images/statistic.png>
 [29]
Underfull \hbox (badness 2111) in paragraph at lines 154--155
[]\TU/TimesNewRoman(0)/b/n/14.4 Администратор \TU/TimesNewRoman(0)/m/n/14.4 — о
бладает полными правами доступа, включая
 []

[30] [31]
File: images/diagramUser.png Graphic file (type bmp)
<images/diagramUser.png>
File: images/diagramAdmin.png Graphic file (type bmp)
<images/diagramAdmin.png>
 [32

]
File: images/diagramEditor.png Graphic file (type bmp)
<images/diagramEditor.png>
 [33

] [34]
Underfull \hbox (badness 10000) in paragraph at lines 293--293
[]\TU/TimesNewRoman(0)/b/n/14.4 2.7.4 Вариант использования «Автоматическая про
верка
 []


Underfull \hbox (badness 10000) in paragraph at lines 341--341
[]\TU/TimesNewRoman(0)/b/n/14.4 2.7.6 Вариант использования «Скачивание докумен
та с
 []

[35]
Underfull \hbox (badness 10000) in paragraph at lines 365--365
[]\TU/TimesNewRoman(0)/b/n/14.4 2.7.7 Вариант использования «Автоматическое сох
ранение
 []

[36] [37] [38]
Underfull \hbox (badness 4084) in paragraph at lines 508--509
[]\TU/TimesNewRoman(0)/m/n/14.4 Спроектированная информационно-аналитическая си
стема обязана
 []

[39] [40]) (./ТехПроект.tex [41]
Underfull \hbox (badness 1354) in paragraph at lines 5--6
[]\TU/TimesNewRoman(0)/m/n/14.4 Разрабатываемая информационно-аналитическая сис
тема построена
 []


Underfull \hbox (badness 1558) in paragraph at lines 7--8
\TU/TimesNewRoman(0)/m/n/14.4 ворка FastAPI и обеспечивает обработку запросов, 
выполнение бизнес-
 []


Underfull \hbox (badness 4752) in paragraph at lines 23--24
[]\TU/TimesNewRoman(0)/m/n/14.4 Модуль проверки документов осуществляет анализ 
структуры и
 []

[42]
File: images/diagramComponent.png Graphic file (type bmp)
<images/diagramComponent.png>

Underfull \hbox (badness 1237) in paragraph at lines 40--41
[]\TU/TimesNewRoman(0)/m/n/14.4 Модуль обработки учебно-методических документов
 является цен-
 []

[43]
LaTeX Font Info:    Font shape `TU/Verdana(0)/m/n' will be
(Font)              scaled to size 10.07994pt on input line 57.

Underfull \hbox (badness 10000) in paragraph at lines 57--58
[]\TU/TimesNewRoman(0)/m/n/14.4 Ключевой особенностью модуля является использов
ание COM-
 []

[44]
Underfull \hbox (badness 10000) in paragraph at lines 88--89
[]\TU/TimesNewRoman(0)/m/n/14.4 абзацы, находящиеся внутри таблиц — метод
 []

[45]
Underfull \hbox (badness 5245) in paragraph at lines 102--103
[]\TU/TimesNewRoman(0)/b/n/14.4 межстрочный интервал \TU/TimesNewRoman(0)/m/n/1
4.4 — \TU/Verdana(0)/m/n/14.4 p.Range.ParagraphFormat.LineSpacingRule\TU/TimesN
ewRoman(0)/m/n/14.4 ,
 []


Underfull \hbox (badness 1478) in paragraph at lines 103--104
[]\TU/TimesNewRoman(0)/b/n/14.4 выравнивание текста \TU/TimesNewRoman(0)/m/n/14
.4 — анализируется при проверке номеров
 []

[46] [47]
Underfull \hbox (badness 10000) in paragraph at lines 146--147
[]\TU/TimesNewRoman(0)/m/n/14.4 Если в верхнем колонтитуле обнаружена поле с ти
пом
 []


Underfull \hbox (badness 3861) in paragraph at lines 146--147
\TU/Verdana(0)/m/n/14.4 WD_FIELD_PAGE \TU/TimesNewRoman(0)/m/n/14.4 — нумерация
 присутствует в верхней части страницы,
 []

[48] [49]
Underfull \hbox (badness 1490) in paragraph at lines 189--190
[]\TU/TimesNewRoman(0)/m/n/14.4 Стилизация таблицы: строки с ошибками выделяютс
я красным
 []

[50] [51] [52]
Underfull \hbox (badness 4048) in paragraph at lines 245--246
\TU/TimesNewRoman(0)/m/n/14.4 методы \TU/Verdana(0)/m/n/14.4 filter \TU/TimesNe
wRoman(0)/m/n/14.4 и \TU/Verdana(0)/m/n/14.4 filter_by\TU/TimesNewRoman(0)/m/n/
14.4 ), что полностью исключает возможность SQL-
 []

[53] [54] [55]
Underfull \hbox (badness 1024) in paragraph at lines 312--313
[]\TU/TimesNewRoman(0)/m/n/14.4 Подключение к базе данных реализовано через отд
ельный модуль
 []

File: images/ERmodel.png Graphic file (type bmp)
<images/ERmodel.png>
[56] [57]
File: images/ReloModel.png Graphic file (type bmp)
<images/ReloModel.png>
 [58] [59]
ignored: Infinite glue shrinkage found in box being split [60]
ignored: Infinite glue sh
rinkage found in box being split [61]) (./РабочийПроект.tex [62]
Underfull \hbox (badness 1337) in paragraph at lines 9--10
[]\TU/TimesNewRoman(0)/m/n/14.4 Класс \TU/Verdana(0)/m/n/14.4 WordMethodicalChe
cker \TU/TimesNewRoman(0)/m/n/14.4 является центральным компонентом мо-
 []


Underfull \hbox (badness 10000) in paragraph at lines 36--36
[]|\TU/TimesNewRoman(0)/m/n/14.4 конструктор, инициализи-
 []


Underfull \hbox (badness 10000) in paragraph at lines 36--36
\TU/TimesNewRoman(0)/m/n/14.4 рует параметры проверки
 []


Underfull \hbox (badness 7981) in paragraph at lines 36--36
\TU/TimesNewRoman(0)/m/n/14.4 мость создания исправлен-
 []


Underfull \hbox (badness 1107) in paragraph at lines 36--36
[]|\TU/TimesNewRoman(0)/m/n/14.4 запуск экземпляра Microsoft
 []


Underfull \hbox (badness 10000) in paragraph at lines 36--36
\TU/TimesNewRoman(0)/m/n/14.4 Word в фоновом режиме,
 []


Underfull \hbox (badness 10000) in paragraph at lines 36--36
\TU/TimesNewRoman(0)/m/n/14.4 отключение всплывающих
 []


Underfull \hbox (badness 4686) in paragraph at lines 36--36
[]|\TU/TimesNewRoman(0)/m/n/14.4 открытие DOCX-файла для
 []


Underfull \hbox (badness 10000) in paragraph at lines 36--36
[]|\TU/TimesNewRoman(0)/m/n/14.4 запуск полной проверки
 []


Underfull \hbox (badness 6380) in paragraph at lines 36--36
\TU/TimesNewRoman(0)/m/n/14.4 документа: анализ абзацев,
 []


Underfull \hbox (badness 10000) in paragraph at lines 36--36
\TU/TimesNewRoman(0)/m/n/14.4 возврат отчёта и пути к
 []


Underfull \hbox (badness 10000) in paragraph at lines 36--36
\TU/TimesNewRoman(0)/m/n/14.4 фиксация ошибок шрифта,
 []


Underfull \hbox (badness 10000) in paragraph at lines 36--36
[]|\TU/TimesNewRoman(0)/m/n/14.4 проверка полей страницы
 []


Underfull \hbox (badness 10000) in paragraph at lines 36--36
\TU/TimesNewRoman(0)/m/n/14.4 (верхнее, нижнее, левое,
 []


Underfull \hbox (badness 10000) in paragraph at lines 36--36
\TU/TimesNewRoman(0)/m/n/14.4 правое) на соответствие
 []


Underfull \hbox (badness 5504) in paragraph at lines 36--36
[]|\TU/TimesNewRoman(0)/m/n/14.4 группировка последователь-
 []


ignored: Infinite glue shrinkage found in box being split [63]
Underfull \hbox (badness 10000) in paragraph at lines 60--60
[]|\TU/TimesNewRoman(0)/m/n/14.4 формирование текстового
 []


Underfull \hbox (badness 10000) in paragraph at lines 60--60
\TU/TimesNewRoman(0)/m/n/14.4 представления отчёта для
 []

[64]
Underfull \hbox (badness 2293) in paragraph at lines 88--88
[]|\TU/TimesNewRoman(0)/m/n/14.4 генерация титульного листа
 []


Underfull \hbox (badness 3579) in paragraph at lines 88--88
\TU/TimesNewRoman(0)/m/n/14.4 для методических указаний
 []


Underfull \hbox (badness 7631) in paragraph at lines 88--88
\TU/TimesNewRoman(0)/m/n/14.4 (название, дисциплина, на-
 []


Underfull \hbox (badness 3058) in paragraph at lines 88--88
\TU/TimesNewRoman(0)/m/n/14.4 правление, составитель, ре-
 []


Underfull \hbox (badness 2293) in paragraph at lines 88--88
[]|\TU/TimesNewRoman(0)/m/n/14.4 генерация титульного листа
 []


Underfull \hbox (badness 5417) in paragraph at lines 88--88
\TU/TimesNewRoman(0)/m/n/14.4 для учебного пособия (ав-
 []


Underfull \hbox (badness 10000) in paragraph at lines 88--88
\TU/TimesNewRoman(0)/m/n/14.4 тор, название, рецензенты,
 []


Underfull \hbox (badness 10000) in paragraph at lines 88--88
\TU/TimesNewRoman(0)/m/n/14.4 направления, значение А,
 []


Underfull \hbox (badness 2293) in paragraph at lines 88--88
[]|\TU/TimesNewRoman(0)/m/n/14.4 генерация титульного листа
 []


Underfull \hbox (badness 2856) in paragraph at lines 88--88
\TU/TimesNewRoman(0)/m/n/14.4 ну строку, название, город,
 []


Underfull \hbox (badness 10000) in paragraph at lines 88--88
[]|\TU/TimesNewRoman(0)/m/n/14.4 вспомогательная функция
 []


Underfull \hbox (badness 10000) in paragraph at lines 88--88
\TU/TimesNewRoman(0)/m/n/14.4 для добавления абзаца с
 []


Underfull \hbox (badness 10000) in paragraph at lines 88--88
\TU/TimesNewRoman(0)/m/n/14.4 заданными параметрами
 []


Underfull \hbox (badness 4582) in paragraph at lines 88--88
[]|\TU/TimesNewRoman(0)/m/n/14.4 добавление пустых абзацев
 []


ignored: Infinite glue shrinkage found in box being split [65]
Underfull \hbox (badness 10000) in paragraph at lines 112--112
[]|\TU/TimesNewRoman(0)/m/n/14.4 формирование PDF-отчёта,
 []


Underfull \hbox (badness 4927) in paragraph at lines 112--112
\TU/TimesNewRoman(0)/m/n/14.4 содержащего таблицу оши-
 []


Underfull \hbox (badness 10000) in paragraph at lines 112--112
\TU/TimesNewRoman(0)/m/n/14.4 бок (номер, раздел, тип,
 []


Underfull \hbox (badness 10000) in paragraph at lines 112--112
\TU/TimesNewRoman(0)/m/n/14.4 местоположение, описание)
 []


Underfull \hbox (badness 1092) in paragraph at lines 112--112
\TU/TimesNewRoman(0)/m/n/14.4 ства Times New Roman для
 []


ignored: Infinite glue shrinkage found in box being split [66]
Underfull \hbox (badness 10000) in paragraph at lines 136--136
[]|\TU/TimesNewRoman(0)/m/n/14.4 формирование MIME-
 []


Underfull \hbox (badness 10000) in paragraph at lines 136--136
\TU/TimesNewRoman(0)/m/n/14.4 письма, добавление вло-
 []


Underfull \hbox (badness 10000) in paragraph at lines 136--136
\TU/TimesNewRoman(0)/m/n/14.4 жений, отправка через
 []

[67]
Overfull \hbox (2.2121pt too wide) in paragraph at lines 183--183
[]|\TU/Verdana(0)/m/n/14.4 generate_tutorial_title_page| 
 []


Overfull \hbox (23.42033pt too wide) in paragraph at lines 183--183
[]|\TU/Verdana(0)/m/n/14.4 generate_monograph_title_page| 
 []


Underfull \hbox (badness 10000) in paragraph at lines 205--205
\TU/TimesNewRoman(0)/m/n/14.4 проверки через \TU/Verdana(0)/m/n/14.4 WordMethod
icalChecker\TU/TimesNewRoman(0)/m/n/14.4 .
 []


Underfull \hbox (badness 5245) in paragraph at lines 205--205
\TU/TimesNewRoman(0)/m/n/14.4 При ошибках блокирует переход к
 []


Underfull \hbox (badness 10000) in paragraph at lines 205--205
[]|\TU/TimesNewRoman(0)/m/n/14.4 формирование email с вложениями
 []


Underfull \hbox (badness 4254) in paragraph at lines 205--205
\TU/TimesNewRoman(0)/m/n/14.4 (три файла), отправка через SMTP,
 []


ignored: Infinite glue shrinkage found in box being split [68]
ignored: Infinite glue shrinkage fo
und in box being split [69]
Underfull \hbox (badness 2726) in paragraph at lines 260--261
[]\TU/TimesNewRoman(0)/m/n/14.4 Отправить POST-запрос на \TU/Verdana(0)/m/n/14.
4 /checker/check \TU/TimesNewRoman(0)/m/n/14.4 с корректным DOCX-
 []

[70]
Underfull \hbox (badness 1642) in paragraph at lines 297--298
[]\TU/TimesNewRoman(0)/b/n/14.4 Ожидаемый результат\TU/TimesNewRoman(0)/m/n/14.
4 : библиотека \TU/Verdana(0)/m/n/14.4 python-docx \TU/TimesNewRoman(0)/m/n/14.
4 формирует DOCX-
 []


Underfull \hbox (badness 1946) in paragraph at lines 307--308
[]\TU/TimesNewRoman(0)/m/n/14.4 Отправить POST-запрос на \TU/Verdana(0)/m/n/14.
4 /title-page/generate-tutorial \TU/TimesNewRoman(0)/m/n/14.4 с JSON, со-
 []


Underfull \hbox (badness 10000) in paragraph at lines 311--312
[]\TU/TimesNewRoman(0)/b/n/14.4 Ожидаемый результат\TU/TimesNewRoman(0)/m/n/14.
4 : формируется DOCX-файл с правильно
 []

[71]
Underfull \hbox (badness 2735) in paragraph at lines 336--337
[]\TU/TimesNewRoman(0)/m/n/14.4 Отправить POST-запрос на \TU/Verdana(0)/m/n/14.
4 /rio/upload-step2 \TU/TimesNewRoman(0)/m/n/14.4 с основным DOCX-
 []

[72] [73]
Underfull \hbox (badness 1337) in paragraph at lines 394--395
[]\TU/TimesNewRoman(0)/b/n/14.4 Безопасность\TU/TimesNewRoman(0)/m/n/14.4 : дос
туп к защищённым маршрутам предоставляется
 []

) (./Заключение.tex
Underfull \hbox (badness 5417) in paragraph at lines 400--1
[]\TU/TimesNewRoman(0)/m/n/14.4 В ходе системного тестирования были успешно про
верены все
 []


Underfull \hbox (badness 10000) in paragraph at lines 400--1
\TU/TimesNewRoman(0)/m/n/14.4 функциональные и нефункциональные требования, пре
дъявленные к
 []


Underfull \hbox (badness 3861) in paragraph at lines 400--1
\TU/TimesNewRoman(0)/m/n/14.4 информационно-аналитической системе. Разработанно
е приложение ра-
 []

[74] [75]) (./СписокИсточников.tex
Underfull \hbox (badness 1490) in paragraph at lines 43--2
[]\TU/TimesNewRoman(0)/m/n/14.4 Все задачи, поставленные в начале выпускной ква
лификационной
 []

[76]
Underfull \hbox (badness 1436) in paragraph at lines 31--32
[]\TU/TimesNewRoman(0)/m/n/14.4 Pydantic Documentation : официальный сайт. – UR
L: []$[][][][][] [] [] [] [][][][] []
 []


Underfull \hbox (badness 1642) in paragraph at lines 34--35
[]\TU/TimesNewRoman(0)/m/n/14.4 Uvicorn Documentation : официальный сайт. – URL
: []$[][][][][] [] [] [] [][][] []
 []


Underfull \hbox (badness 1521) in paragraph at lines 37--38
[]\TU/TimesNewRoman(0)/m/n/14.4 Starlette Documentation : официальный сайт. – U
RL: []$[][][][][] [] [] [] [][][] []
 []

[77]
Underfull \hbox (badness 2111) in paragraph at lines 64--65
[]\TU/TimesNewRoman(0)/m/n/14.4 python-docx Documentation : официальный сайт. –
 URL: []$[][][][][] [] [] []
 []


Underfull \hbox (badness 1442) in paragraph at lines 70--71
[]\TU/TimesNewRoman(0)/m/n/14.4 ECMA-376 Office Open XML File Formats : официал
ьный сайт.
 []


Underfull \hbox (badness 10000) in paragraph at lines 70--71
\TU/TimesNewRoman(0)/m/n/14.4 – URL: []$[][][][][] [] [] [] [][][] [] [][][][][
][][][][][][][][][][][][][][] [] [][][] [] [][][][][][][][][][][][][][][][][][]
[][][][][][][][][][] [] [][][][][][][][][] []
 []


Underfull \hbox (badness 2020) in paragraph at lines 76--77
[]\TU/TimesNewRoman(0)/m/n/14.4 The OAuth 2.0 Authorization Framework : официал
ьный сайт. –
 []

[78]
Underfull \hbox (badness 2435) in paragraph at lines 88--89
\TU/TimesNewRoman(0)/m/n/14.4 ный сайт. – URL: []$[][][][][] [] [] [] [][][] []
 [][][] [] [][][] [] [][][][] [] [][][] [] [] [] [] [] [] [] [][][]$[] (дата об
ращения:
 []

[79]
Underfull \hbox (badness 1527) in paragraph at lines 124--125
[]\TU/TimesNewRoman(0)/m/n/14.4 Fielding, R. Architectural Styles and the Desig
n of Network-based
 []


Underfull \hbox (badness 1824) in paragraph at lines 124--125
\TU/TimesNewRoman(0)/m/n/14.4 Software Architectures // University of Californi
a : официальный сайт. –
 []


Underfull \hbox (badness 6876) in paragraph at lines 133--134
[]\TU/TimesNewRoman(0)/m/n/14.4 Bootstrap Documentation : официальный сайт. – U
RL: []$[][][][][] [] [] []
 []


Underfull \hbox (badness 10000) in paragraph at lines 151--152
[]\TU/TimesNewRoman(0)/m/n/14.4 Персиваль, Г.Паттерны разработки на Python: TDD
, DDD и
 []


Underfull \hbox (badness 2556) in paragraph at lines 151--152
\TU/TimesNewRoman(0)/m/n/14.4 событийно-ориентированная архитектура / Г. Персив
аль, Б. Грегори. –
 []

[80]) (./Плакаты.tex [81] [82]
Invalid UTF-8 byte or sequence at line 12 replaced by U+FFFD.
Invalid UTF-8 byte or sequence at line 12 replaced by U+FFFD.
Invalid UTF-8 byte or sequence at line 12 replaced by U+FFFD.
Invalid UTF-8 byte or sequence at line 12 replaced by U+FFFD.
Invalid UTF-8 byte or sequence at line 12 replaced by U+FFFD.
Invalid UTF-8 byte or sequence at line 12 replaced by U+FFFD.
Invalid UTF-8 byte or sequence at line 12 replaced by U+FFFD.
Invalid UTF-8 byte or sequence at line 12 replaced by U+FFFD.
Invalid UTF-8 byte or sequence at line 12 replaced by U+FFFD.
Invalid UTF-8 byte or sequence at line 12 replaced by U+FFFD.
Invalid UTF-8 byte or sequence at line 12 replaced by U+FFFD.
Invalid UTF-8 byte or sequence at line 12 replaced by U+FFFD.
Invalid UTF-8 byte or sequence at line 12 replaced by U+FFFD.
Invalid UTF-8 byte or sequence at line 12 replaced by U+FFFD.
Invalid UTF-8 byte or sequence at line 12 replaced by U+FFFD.
Invalid UTF-8 byte or sequence at line 12 replaced by U+FFFD.
Invalid UTF-8 byte or sequence at line 12 replaced by U+FFFD.
Invalid UTF-8 byte or sequence at line 12 replaced by U+FFFD.
File: Plakat1titlelist.eps Graphic file (type eps)
<Plakat1titlelist.eps>
Invalid UTF-8 byte or sequence at line 18 replaced by U+FFFD.
Invalid UTF-8 byte or sequence at line 18 replaced by U+FFFD.
Invalid UTF-8 byte or sequence at line 18 replaced by U+FFFD.
Invalid UTF-8 byte or sequence at line 18 replaced by U+FFFD.
Invalid UTF-8 byte or sequence at line 18 replaced by U+FFFD.
Invalid UTF-8 byte or sequence at line 18 replaced by U+FFFD.
Invalid UTF-8 byte or sequence at line 18 replaced by U+FFFD.
Invalid UTF-8 byte or sequence at line 18 replaced by U+FFFD.
Invalid UTF-8 byte or sequence at line 18 replaced by U+FFFD.
Invalid UTF-8 byte or sequence at line 18 replaced by U+FFFD.
Invalid UTF-8 byte or sequence at line 18 replaced by U+FFFD.
Invalid UTF-8 byte or sequence at line 18 replaced by U+FFFD.
Invalid UTF-8 byte or sequence at line 18 replaced by U+FFFD.
Invalid UTF-8 byte or sequence at line 18 replaced by U+FFFD.
Invalid UTF-8 byte or sequence at line 18 replaced by U+FFFD.
Invalid UTF-8 byte or sequence at line 18 replaced by U+FFFD.
Invalid UTF-8 byte or sequence at line 18 replaced by U+FFFD.
Invalid UTF-8 byte or sequence at line 18 replaced by U+FFFD.
File: zadachi.eps Graphic file (type eps)
<zadachi.eps>
 [83

]
Overfull \vbox (40.19745pt too high) has occurred while \output is active []


[84]
Invalid UTF-8 byte or sequence at line 24 replaced by U+FFFD.
Invalid UTF-8 byte or sequence at line 24 replaced by U+FFFD.
Invalid UTF-8 byte or sequence at line 24 replaced by U+FFFD.
Invalid UTF-8 byte or sequence at line 24 replaced by U+FFFD.
Invalid UTF-8 byte or sequence at line 24 replaced by U+FFFD.
Invalid UTF-8 byte or sequence at line 24 replaced by U+FFFD.
Invalid UTF-8 byte or sequence at line 24 replaced by U+FFFD.
Invalid UTF-8 byte or sequence at line 24 replaced by U+FFFD.
Invalid UTF-8 byte or sequence at line 24 replaced by U+FFFD.
Invalid UTF-8 byte or sequence at line 24 replaced by U+FFFD.
Invalid UTF-8 byte or sequence at line 24 replaced by U+FFFD.
Invalid UTF-8 byte or sequence at line 24 replaced by U+FFFD.
Invalid UTF-8 byte or sequence at line 24 replaced by U+FFFD.
Invalid UTF-8 byte or sequence at line 24 replaced by U+FFFD.
Invalid UTF-8 byte or sequence at line 24 replaced by U+FFFD.
Invalid UTF-8 byte or sequence at line 24 replaced by U+FFFD.
Invalid UTF-8 byte or sequence at line 24 replaced by U+FFFD.
Invalid UTF-8 byte or sequence at line 24 replaced by U+FFFD.
Invalid UTF-8 byte or sequence at line 24 replaced by U+FFFD.
Invalid UTF-8 byte or sequence at line 24 replaced by U+FFFD.
Invalid UTF-8 byte or sequence at line 24 replaced by U+FFFD.
File: Plakat2ERdiogramm.eps Graphic file (type eps)
<Plakat2ERdiogramm.eps>
Invalid UTF-8 byte or sequence at line 30 replaced by U+FFFD.
Invalid UTF-8 byte or sequence at line 30 replaced by U+FFFD.
Invalid UTF-8 byte or sequence at line 30 replaced by U+FFFD.
Invalid UTF-8 byte or sequence at line 30 replaced by U+FFFD.
Invalid UTF-8 byte or sequence at line 30 replaced by U+FFFD.
Invalid UTF-8 byte or sequence at line 30 replaced by U+FFFD.
Invalid UTF-8 byte or sequence at line 30 replaced by U+FFFD.
Invalid UTF-8 byte or sequence at line 30 replaced by U+FFFD.
Invalid UTF-8 byte or sequence at line 30 replaced by U+FFFD.
Invalid UTF-8 byte or sequence at line 30 replaced by U+FFFD.
Invalid UTF-8 byte or sequence at line 30 replaced by U+FFFD.
Invalid UTF-8 byte or sequence at line 30 replaced by U+FFFD.
Invalid UTF-8 byte or sequence at line 30 replaced by U+FFFD.
Invalid UTF-8 byte or sequence at line 30 replaced by U+FFFD.
Invalid UTF-8 byte or sequence at line 30 replaced by U+FFFD.
Invalid UTF-8 byte or sequence at line 30 replaced by U+FFFD.
Invalid UTF-8 byte or sequence at line 30 replaced by U+FFFD.
Invalid UTF-8 byte or sequence at line 30 replaced by U+FFFD.
Invalid UTF-8 byte or sequence at line 30 replaced by U+FFFD.
Invalid UTF-8 byte or sequence at line 30 replaced by U+FFFD.
File: Plakat3.eps Graphic file (type eps)
<Plakat3.eps>
 [85]
Invalid UTF-8 byte or sequence at line 36 replaced by U+FFFD.
Invalid UTF-8 byte or sequence at line 36 replaced by U+FFFD.
Invalid UTF-8 byte or sequence at line 36 replaced by U+FFFD.
Invalid UTF-8 byte or sequence at line 36 replaced by U+FFFD.
Invalid UTF-8 byte or sequence at line 36 replaced by U+FFFD.
Invalid UTF-8 byte or sequence at line 36 replaced by U+FFFD.
Invalid UTF-8 byte or sequence at line 36 replaced by U+FFFD.
Invalid UTF-8 byte or sequence at line 36 replaced by U+FFFD.
Invalid UTF-8 byte or sequence at line 36 replaced by U+FFFD.
Invalid UTF-8 byte or sequence at line 36 replaced by U+FFFD.
Invalid UTF-8 byte or sequence at line 36 replaced by U+FFFD.
Invalid UTF-8 byte or sequence at line 36 replaced by U+FFFD.
Invalid UTF-8 byte or sequence at line 36 replaced by U+FFFD.
Invalid UTF-8 byte or sequence at line 36 replaced by U+FFFD.
Invalid UTF-8 byte or sequence at line 36 replaced by U+FFFD.
Invalid UTF-8 byte or sequence at line 36 replaced by U+FFFD.
Invalid UTF-8 byte or sequence at line 36 replaced by U+FFFD.
Invalid UTF-8 byte or sequence at line 36 replaced by U+FFFD.
File: Plakat5.eps Graphic file (type eps)
<Plakat5.eps>
 [86]
Invalid UTF-8 byte or sequence at line 42 replaced by U+FFFD.
Invalid UTF-8 byte or sequence at line 42 replaced by U+FFFD.
Invalid UTF-8 byte or sequence at line 42 replaced by U+FFFD.
Invalid UTF-8 byte or sequence at line 42 replaced by U+FFFD.
Invalid UTF-8 byte or sequence at line 42 replaced by U+FFFD.
Invalid UTF-8 byte or sequence at line 42 replaced by U+FFFD.
Invalid UTF-8 byte or sequence at line 42 replaced by U+FFFD.
Invalid UTF-8 byte or sequence at line 42 replaced by U+FFFD.
Invalid UTF-8 byte or sequence at line 42 replaced by U+FFFD.
Invalid UTF-8 byte or sequence at line 42 replaced by U+FFFD.
Invalid UTF-8 byte or sequence at line 42 replaced by U+FFFD.
Invalid UTF-8 byte or sequence at line 42 replaced by U+FFFD.
Invalid UTF-8 byte or sequence at line 42 replaced by U+FFFD.
Invalid UTF-8 byte or sequence at line 42 replaced by U+FFFD.
Invalid UTF-8 byte or sequence at line 42 replaced by U+FFFD.
Invalid UTF-8 byte or sequence at line 42 replaced by U+FFFD.
Invalid UTF-8 byte or sequence at line 42 replaced by U+FFFD.
Invalid UTF-8 byte or sequence at line 42 replaced by U+FFFD.
File: Plakat6.eps Graphic file (type eps)
<Plakat6.eps>
 [87]
Invalid UTF-8 byte or sequence at line 48 replaced by U+FFFD.
Invalid UTF-8 byte or sequence at line 48 replaced by U+FFFD.
Invalid UTF-8 byte or sequence at line 48 replaced by U+FFFD.
Invalid UTF-8 byte or sequence at line 48 replaced by U+FFFD.
Invalid UTF-8 byte or sequence at line 48 replaced by U+FFFD.
Invalid UTF-8 byte or sequence at line 48 replaced by U+FFFD.
Invalid UTF-8 byte or sequence at line 48 replaced by U+FFFD.
Invalid UTF-8 byte or sequence at line 48 replaced by U+FFFD.
Invalid UTF-8 byte or sequence at line 48 replaced by U+FFFD.
Invalid UTF-8 byte or sequence at line 48 replaced by U+FFFD.
Invalid UTF-8 byte or sequence at line 48 replaced by U+FFFD.
Invalid UTF-8 byte or sequence at line 48 replaced by U+FFFD.
Invalid UTF-8 byte or sequence at line 48 replaced by U+FFFD.
Invalid UTF-8 byte or sequence at line 48 replaced by U+FFFD.
Invalid UTF-8 byte or sequence at line 48 replaced by U+FFFD.
Invalid UTF-8 byte or sequence at line 48 replaced by U+FFFD.
Invalid UTF-8 byte or sequence at line 48 replaced by U+FFFD.
Invalid UTF-8 byte or sequence at line 48 replaced by U+FFFD.
Invalid UTF-8 byte or sequence at line 48 replaced by U+FFFD.
File: Plakat7.eps Graphic file (type eps)
<Plakat7.eps>
 [88]
Invalid UTF-8 byte or sequence at line 54 replaced by U+FFFD.
Invalid UTF-8 byte or sequence at line 54 replaced by U+FFFD.
Invalid UTF-8 byte or sequence at line 54 replaced by U+FFFD.
Invalid UTF-8 byte or sequence at line 54 replaced by U+FFFD.
Invalid UTF-8 byte or sequence at line 54 replaced by U+FFFD.
Invalid UTF-8 byte or sequence at line 54 replaced by U+FFFD.
Invalid UTF-8 byte or sequence at line 54 replaced by U+FFFD.
Invalid UTF-8 byte or sequence at line 54 replaced by U+FFFD.
Invalid UTF-8 byte or sequence at line 54 replaced by U+FFFD.
Invalid UTF-8 byte or sequence at line 54 replaced by U+FFFD.
Invalid UTF-8 byte or sequence at line 54 replaced by U+FFFD.
Invalid UTF-8 byte or sequence at line 54 replaced by U+FFFD.
Invalid UTF-8 byte or sequence at line 54 replaced by U+FFFD.
Invalid UTF-8 byte or sequence at line 54 replaced by U+FFFD.
Invalid UTF-8 byte or sequence at line 54 replaced by U+FFFD.
Invalid UTF-8 byte or sequence at line 54 replaced by U+FFFD.
Invalid UTF-8 byte or sequence at line 54 replaced by U+FFFD.
Invalid UTF-8 byte or sequence at line 54 replaced by U+FFFD.
Invalid UTF-8 byte or sequence at line 54 replaced by U+FFFD.
File: Plakat8.eps Graphic file (type eps)
<Plakat8.eps>
 [89]
Overfull \vbox (39.95135pt too high) has occurred while \output is active []


[90]) (./Код.tex (d:/texlive/2026/texmf-dist/tex/latex/listings/lstlang1.sty
File: lstlang1.sty 2025/11/14 1.11b listings language file
)
Package hyperref Info: bookmark level for unknown lstlisting defaults to 0 on i
nput line 4.

(./main.py) (./checker.py [91

]
Missing character: There is no ✅ (U+2705) in font Verdana/OT:script=latn;langua
ge=dflt;!
Missing character: There is no ❌ (U+274C) in font Verdana/OT:script=latn;langua
ge=dflt;!
Missing character: There is no 📌 (U+1F4CC) in font Verdana/OT:script=latn;langu
age=dflt;!
Missing character: There is no 📍 (U+1F4CD) in font Verdana/OT:script=latn;langu
age=dflt;!
Missing character: There is no 💬 (U+1F4AC) in font Verdana/OT:script=latn;langu
age=dflt;!
[92] [93] [94] [95] [96] [97] [98]) (./email.py [99] [100]) (./authService.py
[101] [102] [103]) [104]) [105] (./main.aux)
 ***********
LaTeX2e <2025-11-01>
L3 programming layer <2026-03-20>
 ***********
Package rerunfilecheck Info: File `main.out' has not changed.
(rerunfilecheck)             Checksum: 33BCA73ADB6E64038C838B7F67D7AEFB;28771.
 ) 
Here is how much of TeX's memory you used:
 17216 strings out of 467992
 325488 string characters out of 5433178
 1174029 words of memory out of 5000000
 45830 multiletter control sequences out of 15000+600000
 629250 words of font info for 76 fonts, out of 8000000 for 9000
 1348 hyphenation exceptions out of 8191
 93i,11n,110p,1489b,2152s stack positions out of 10000i,1000n,20000p,200000b,200000s

Output written on main.pdf (105 pages).
